// Jest Snapshot v1, https://goo.gl/fbAQLP

exports[`Webhooks render correctly 1`] = `
<div
  class="settings"
>
  <modal-wrapper-stub
    height="auto"
    name="webhook"
  >
    <form>
      <modal-header-stub>
        <h1>
          modalTitle
        </h1>
      </modal-header-stub>
       
      <modal-item-stub>
        <modal-label-stub>
          
          event
        
        </modal-label-stub>
         
        <select>
          <option
            value="activity:created"
          >
            
            events.activity:created
          
          </option>
          <option
            value="activity:stopped"
          >
            
            events.activity:stopped
          
          </option>
          <option
            value="activity:updated"
          >
            
            events.activity:updated
          
          </option>
          <option
            value="activity:deleted"
          >
            
            events.activity:deleted
          
          </option>
          <option
            value="project:created"
          >
            
            events.project:created
          
          </option>
          <option
            value="project:updated"
          >
            
            events.project:updated
          
          </option>
          <option
            value="project:deleted"
          >
            
            events.project:deleted
          
          </option>
        </select>
      </modal-item-stub>
       
      <modal-item-stub>
        <modal-label-stub>
          
          targetUrl
        
        </modal-label-stub>
         
        <input
          class="input inline"
          placeholder="https://"
          type="url"
        />
      </modal-item-stub>
       
      <modal-footer-stub>
        <btn-stub
          class="is-rounded is-primary"
          type="submit"
        >
          
          add
        
        </btn-stub>
      </modal-footer-stub>
    </form>
  </modal-wrapper-stub>
   
  <section
    class="content"
  >
    <header
      class="header"
    >
      <heading-stub
        class="is-small"
      >
        <icon-stub
          name="anchor-icon"
        />
        
        title
      
      </heading-stub>
       
      <btn-stub
        aria-label="ariaLabels.add"
        class="is-primary is-circle has-dropshadow add-button"
        type="button"
      >
        <icon-stub
          name="plus-icon"
        />
      </btn-stub>
    </header>
     
    <div
      class="list-item"
    >
      <p>
        events.activity:updated
      </p>
       
      <h1>
        http://www.example.com/1
      </h1>
       
      <btn-stub
        aria-label="ariaLabels.delete"
        class="delete-button has-icon"
        type="button"
      >
        <icon-stub
          class="is-danger"
          name="x-icon"
        />
      </btn-stub>
    </div>
    <div
      class="list-item"
    >
      <p>
        events.activity:created
      </p>
       
      <h1>
        http://www.example.com/2
      </h1>
       
      <btn-stub
        aria-label="ariaLabels.delete"
        class="delete-button has-icon"
        type="button"
      >
        <icon-stub
          class="is-danger"
          name="x-icon"
        />
      </btn-stub>
    </div>
     
    <!---->
  </section>
</div>
`;

exports[`Webhooks when click add button render modal correctly 1`] = `
<div
  class="settings"
>
  <modal-wrapper-stub
    height="auto"
    name="webhook"
  >
    <form>
      <modal-header-stub>
        <h1>
          modalTitle
        </h1>
      </modal-header-stub>
       
      <modal-item-stub>
        <modal-label-stub>
          
          event
        
        </modal-label-stub>
         
        <select>
          <option
            value="activity:created"
          >
            
            events.activity:created
          
          </option>
          <option
            value="activity:stopped"
          >
            
            events.activity:stopped
          
          </option>
          <option
            value="activity:updated"
          >
            
            events.activity:updated
          
          </option>
          <option
            value="activity:deleted"
          >
            
            events.activity:deleted
          
          </option>
          <option
            value="project:created"
          >
            
            events.project:created
          
          </option>
          <option
            value="project:updated"
          >
            
            events.project:updated
          
          </option>
          <option
            value="project:deleted"
          >
            
            events.project:deleted
          
          </option>
        </select>
      </modal-item-stub>
       
      <modal-item-stub>
        <modal-label-stub>
          
          targetUrl
        
        </modal-label-stub>
         
        <input
          class="input inline"
          placeholder="https://"
          type="url"
        />
      </modal-item-stub>
       
      <modal-footer-stub>
        <btn-stub
          class="is-rounded is-primary"
          type="submit"
        >
          
          add
        
        </btn-stub>
      </modal-footer-stub>
    </form>
  </modal-wrapper-stub>
   
  <section
    class="content"
  >
    <header
      class="header"
    >
      <heading-stub
        class="is-small"
      >
        <icon-stub
          name="anchor-icon"
        />
        
        title
      
      </heading-stub>
       
      <btn-stub
        aria-label="ariaLabels.add"
        class="is-primary is-circle has-dropshadow add-button"
        type="button"
      >
        <icon-stub
          name="plus-icon"
        />
      </btn-stub>
    </header>
     
    <div
      class="list-item"
    >
      <p>
        events.activity:updated
      </p>
       
      <h1>
        http://www.example.com/1
      </h1>
       
      <btn-stub
        aria-label="ariaLabels.delete"
        class="delete-button has-icon"
        type="button"
      >
        <icon-stub
          class="is-danger"
          name="x-icon"
        />
      </btn-stub>
    </div>
    <div
      class="list-item"
    >
      <p>
        events.activity:created
      </p>
       
      <h1>
        http://www.example.com/2
      </h1>
       
      <btn-stub
        aria-label="ariaLabels.delete"
        class="delete-button has-icon"
        type="button"
      >
        <icon-stub
          class="is-danger"
          name="x-icon"
        />
      </btn-stub>
    </div>
     
    <!---->
  </section>
</div>
`;
