// Jest Snapshot v1, https://goo.gl/fbAQLP

exports[`ColorSelect render correctly 1`] = `
<section>
  <button
    class=""
    type="button"
  >
    <dot-stub
      class="is-large"
      color="#4ab8b8"
    />
  </button>
  <button
    class=""
    type="button"
  >
    <dot-stub
      class="is-large"
      color="#7da87b"
    />
  </button>
  <button
    class=""
    type="button"
  >
    <dot-stub
      class="is-large"
      color="#a1c45a"
    />
  </button>
  <button
    class=""
    type="button"
  >
    <dot-stub
      class="is-large"
      color="#7a4579"
    />
  </button>
  <button
    class=""
    type="button"
  >
    <dot-stub
      class="is-large"
      color="#f95959"
    />
  </button>
  <button
    class=""
    type="button"
  >
    <dot-stub
      class="is-large"
      color="#ea8a8a"
    />
  </button>
  <button
    class=""
    type="button"
  >
    <dot-stub
      class="is-large"
      color="#ff9f68"
    />
  </button>
  <button
    class=""
    type="button"
  >
    <dot-stub
      class="is-large"
      color="#facf5a"
    />
  </button>
  <button
    class=""
    type="button"
  >
    <dot-stub
      class="is-large"
      color="#616161"
    />
  </button>
  <button
    class=""
    type="button"
  >
    <dot-stub
      class="is-large"
      color="#8ea6b4"
    />
  </button>
</section>
`;
