// Jest Snapshot v1, https://goo.gl/fbAQLP

exports[`MarshmallowSelect render correctly 1`] = `
<div
  class="marshmallow-select"
>
  <btn-stub
    class="has-dropshadow"
  >
    
    Apple
  
  </btn-stub>
   
  <select
    aria-label="Fruits"
  >
    <option
      value="apple"
    >
      Apple
    </option>
     
    <option
      value="orange"
    >
      Orange
    </option>
     
    <option
      value="lemon"
    >
      Lemon
    </option>
  </select>
</div>
`;
