// Jest Snapshot v1, https://goo.gl/fbAQLP

exports[`SwipeMenu render correctly 1`] = `
<div
  class="swipe-menu"
>
  <div
    class="menu"
    style="width: 0px;"
  >
    <span>
      Swipe Left
    </span>
  </div>
   
  <div
    class="content"
  >
    <p>
      Content
    </p>
  </div>
   
  <div
    class="menu"
    style="width: 0px;"
  >
    <span>
      Swipe Right
    </span>
  </div>
</div>
`;
