// Jest Snapshot v1, https://goo.gl/fbAQLP

exports[`Authorize render correctly 1`] = `
<login-guard-stub>
  <div>
    <content-header-stub>
      <heading-stub>
        
        title
      
      </heading-stub>
    </content-header-stub>
     
    <article>
      <p>
        
        logged-in
        <br />
        
        decide
      
      </p>
       
      <highlight-stub
        class="highlight"
      >
        <ul>
          <li>
            
            scopes.activities:read
          
          </li>
          <li>
            
            scopes.activities:write
          
          </li>
        </ul>
      </highlight-stub>
       
      <footer
        class="footer"
      >
        <btn-stub
          class="is-rounded is-primary allow-button"
          type="button"
        >
          
          allow
        
        </btn-stub>
         
        <btn-stub
          class="is-rounded deny-button"
          type="button"
        >
          
          deny
        
        </btn-stub>
      </footer>
    </article>
  </div>
</login-guard-stub>
`;
