// Jest Snapshot v1, https://goo.gl/fbAQLP

exports[`Default render correctly 1`] = `
<div
  class="wrapper"
  ontouchstart=""
>
  <nav-modal-stub
    height="450"
    initialcomponent="[object Object]"
    keepalives="ActivityEditor"
    name="activity"
  />
   
  <side-bar-stub
    showmenu="true"
  />
   
  <login-guard-stub
    class="content"
  >
    <nuxt-stub />
     
    <pwa-balloon-stub />
  </login-guard-stub>
</div>
`;
