// Jest Snapshot v1, https://goo.gl/fbAQLP

exports[`Calendar render correctly 1`] = `
<section>
  <date-header-stub
    date="Thu Jan 31 2019 01:23:45 GMT+0900 (GMT+09:00)"
    periodindex="1"
    periods="[object Object],[object Object]"
  />
   
  <div
    class="slider"
  >
    <section
      class="sticky"
    >
      <div
        class="headers-wrapper"
      >
        <div
          class="headers"
        >
          <calendar-day-header-stub
            day="Sun Jan 20 2019 00:00:00 GMT+0900 (GMT+09:00)"
            locale="[object Object]"
          />
          <calendar-day-header-stub
            day="Mon Jan 21 2019 00:00:00 GMT+0900 (GMT+09:00)"
            locale="[object Object]"
          />
          <calendar-day-header-stub
            day="Tue Jan 22 2019 00:00:00 GMT+0900 (GMT+09:00)"
            locale="[object Object]"
          />
          <calendar-day-header-stub
            day="Wed Jan 23 2019 00:00:00 GMT+0900 (GMT+09:00)"
            locale="[object Object]"
          />
          <calendar-day-header-stub
            day="Thu Jan 24 2019 00:00:00 GMT+0900 (GMT+09:00)"
            locale="[object Object]"
          />
          <calendar-day-header-stub
            day="Fri Jan 25 2019 00:00:00 GMT+0900 (GMT+09:00)"
            locale="[object Object]"
          />
          <calendar-day-header-stub
            day="Sat Jan 26 2019 00:00:00 GMT+0900 (GMT+09:00)"
            locale="[object Object]"
          />
        </div>
        <div
          class="headers"
        >
          <calendar-day-header-stub
            day="Sun Jan 27 2019 00:00:00 GMT+0900 (GMT+09:00)"
            locale="[object Object]"
          />
          <calendar-day-header-stub
            day="Mon Jan 28 2019 00:00:00 GMT+0900 (GMT+09:00)"
            locale="[object Object]"
          />
          <calendar-day-header-stub
            day="Tue Jan 29 2019 00:00:00 GMT+0900 (GMT+09:00)"
            locale="[object Object]"
          />
          <calendar-day-header-stub
            day="Wed Jan 30 2019 00:00:00 GMT+0900 (GMT+09:00)"
            locale="[object Object]"
          />
          <calendar-day-header-stub
            day="Thu Jan 31 2019 00:00:00 GMT+0900 (GMT+09:00)"
            locale="[object Object]"
          />
          <calendar-day-header-stub
            day="Fri Feb 01 2019 00:00:00 GMT+0900 (GMT+09:00)"
            locale="[object Object]"
          />
          <calendar-day-header-stub
            day="Sat Feb 02 2019 00:00:00 GMT+0900 (GMT+09:00)"
            locale="[object Object]"
          />
        </div>
        <div
          class="headers"
        >
          <calendar-day-header-stub
            day="Sun Feb 03 2019 00:00:00 GMT+0900 (GMT+09:00)"
            locale="[object Object]"
          />
          <calendar-day-header-stub
            day="Mon Feb 04 2019 00:00:00 GMT+0900 (GMT+09:00)"
            locale="[object Object]"
          />
          <calendar-day-header-stub
            day="Tue Feb 05 2019 00:00:00 GMT+0900 (GMT+09:00)"
            locale="[object Object]"
          />
          <calendar-day-header-stub
            day="Wed Feb 06 2019 00:00:00 GMT+0900 (GMT+09:00)"
            locale="[object Object]"
          />
          <calendar-day-header-stub
            day="Thu Feb 07 2019 00:00:00 GMT+0900 (GMT+09:00)"
            locale="[object Object]"
          />
          <calendar-day-header-stub
            day="Fri Feb 08 2019 00:00:00 GMT+0900 (GMT+09:00)"
            locale="[object Object]"
          />
          <calendar-day-header-stub
            day="Sat Feb 09 2019 00:00:00 GMT+0900 (GMT+09:00)"
            locale="[object Object]"
          />
        </div>
      </div>
    </section>
     
    <section
      class="containers-wrapper"
    >
      <section
        class="containers"
      >
        <calendar-container-stub
          class="slider-item"
          days=""
        />
         
        <calendar-container-stub
          class="slider-item"
          days="Sun Jan 27 2019 00:00:00 GMT+0900 (GMT+09:00),Mon Jan 28 2019 00:00:00 GMT+0900 (GMT+09:00),Tue Jan 29 2019 00:00:00 GMT+0900 (GMT+09:00),Wed Jan 30 2019 00:00:00 GMT+0900 (GMT+09:00),Thu Jan 31 2019 00:00:00 GMT+0900 (GMT+09:00),Fri Feb 01 2019 00:00:00 GMT+0900 (GMT+09:00),Sat Feb 02 2019 00:00:00 GMT+0900 (GMT+09:00)"
        />
         
        <calendar-container-stub
          class="slider-item"
          days=""
        />
      </section>
    </section>
  </div>
</section>
`;
