// Jest Snapshot v1, https://goo.gl/fbAQLP

exports[`Calendar render correctly 1`] = `
<section>
  <date-header-stub
    cachekey="calendarDateHeader"
    date="2019-01-31"
    periodindex="1"
    periods="[object Object],[object Object]"
  />
   
  <div
    class="slider"
  >
    <section
      class="sticky"
    >
      <div
        class="headers-wrapper"
      >
        <div
          class="headers"
        >
          <calendar-day-header-stub
            day="2019-01-20"
            locale="[object Object]"
          />
          <calendar-day-header-stub
            day="2019-01-21"
            locale="[object Object]"
          />
          <calendar-day-header-stub
            day="2019-01-22"
            locale="[object Object]"
          />
          <calendar-day-header-stub
            day="2019-01-23"
            locale="[object Object]"
          />
          <calendar-day-header-stub
            day="2019-01-24"
            locale="[object Object]"
          />
          <calendar-day-header-stub
            day="2019-01-25"
            locale="[object Object]"
          />
          <calendar-day-header-stub
            day="2019-01-26"
            locale="[object Object]"
          />
        </div>
        <div
          class="headers"
        >
          <calendar-day-header-stub
            day="2019-01-27"
            locale="[object Object]"
          />
          <calendar-day-header-stub
            day="2019-01-28"
            locale="[object Object]"
          />
          <calendar-day-header-stub
            day="2019-01-29"
            locale="[object Object]"
          />
          <calendar-day-header-stub
            day="2019-01-30"
            locale="[object Object]"
          />
          <calendar-day-header-stub
            day="2019-01-31"
            locale="[object Object]"
          />
          <calendar-day-header-stub
            day="2019-02-01"
            locale="[object Object]"
          />
          <calendar-day-header-stub
            day="2019-02-02"
            locale="[object Object]"
          />
        </div>
        <div
          class="headers"
        >
          <calendar-day-header-stub
            day="2019-02-03"
            locale="[object Object]"
          />
          <calendar-day-header-stub
            day="2019-02-04"
            locale="[object Object]"
          />
          <calendar-day-header-stub
            day="2019-02-05"
            locale="[object Object]"
          />
          <calendar-day-header-stub
            day="2019-02-06"
            locale="[object Object]"
          />
          <calendar-day-header-stub
            day="2019-02-07"
            locale="[object Object]"
          />
          <calendar-day-header-stub
            day="2019-02-08"
            locale="[object Object]"
          />
          <calendar-day-header-stub
            day="2019-02-09"
            locale="[object Object]"
          />
        </div>
      </div>
    </section>
     
    <section
      class="containers-wrapper"
    >
      <section
        class="containers"
      >
        <calendar-container-stub
          class="slider-item"
          days=""
        />
         
        <calendar-container-stub
          class="slider-item"
          days="2019-01-27,2019-01-28,2019-01-29,2019-01-30,2019-01-31,2019-02-01,2019-02-02"
        />
         
        <calendar-container-stub
          class="slider-item"
          days=""
        />
      </section>
    </section>
  </div>
</section>
`;
