// Jest Snapshot v1, https://goo.gl/fbAQLP

exports[`Index render correctly 1`] = `
<section>
  <content-header-stub>
    <heading-stub>
      title
    </heading-stub>
     
    <btn-stub
      aria-label="ariaLabels.add"
      class="is-primary is-circle has-dropshadow add-button"
      type="button"
    >
      <icon-stub
        name="plus-icon"
      />
    </btn-stub>
  </content-header-stub>
    
  <p
    class="empty"
  >
    
    empty
  
  </p>
</section>
`;
