// Jest Snapshot v1, https://goo.gl/fbAQLP

exports[`Activity render correctly 1`] = `
<div>
   
  <div
    class="list-item"
  >
    <div
      class="activity-content"
    >
      <project-name-stub
        class="project-name"
        color="#cccfd9"
        name="No Project"
      />
       
      <ticker-stub
        class="duration"
        startedat="2019-01-01T01:23:45"
      />
    </div>
     
    <nav>
      <btn-stub
        aria-label="ariaLabels.stop"
        class="stop-button has-icon"
      >
        <icon-stub
          class="is-primary"
          name="check-icon"
        />
      </btn-stub>
    </nav>
  </div>
   
</div>
`;
