// Jest Snapshot v1, https://goo.gl/fbAQLP

exports[`CalendarContainer render correctly 1`] = `
<section
  class="calendar-container"
>
  <calendar-hours-stub />
   
  <!---->
   
  <!---->
   
  <calendar-day-stub
    class=""
    data-day="2019-01-01"
    day="2019-01-01"
    getoverlapday="function () { [native code] }"
    minheight="20"
    updateguideline="function () { [native code] }"
  />
  <calendar-day-stub
    class=""
    data-day="2019-01-02"
    day="2019-01-02"
    getoverlapday="function () { [native code] }"
    minheight="20"
    updateguideline="function () { [native code] }"
  />
  <calendar-day-stub
    class=""
    data-day="2019-01-03"
    day="2019-01-03"
    getoverlapday="function () { [native code] }"
    minheight="20"
    updateguideline="function () { [native code] }"
  />
  <calendar-day-stub
    class=""
    data-day="2019-01-04"
    day="2019-01-04"
    getoverlapday="function () { [native code] }"
    minheight="20"
    updateguideline="function () { [native code] }"
  />
  <calendar-day-stub
    class=""
    data-day="2019-01-05"
    day="2019-01-05"
    getoverlapday="function () { [native code] }"
    minheight="20"
    updateguideline="function () { [native code] }"
  />
  <calendar-day-stub
    class=""
    data-day="2019-01-06"
    day="2019-01-06"
    getoverlapday="function () { [native code] }"
    minheight="20"
    updateguideline="function () { [native code] }"
  />
  <calendar-day-stub
    class=""
    data-day="2019-01-07"
    day="2019-01-07"
    getoverlapday="function () { [native code] }"
    minheight="20"
    updateguideline="function () { [native code] }"
  />
</section>
`;

exports[`CalendarContainer when does not have days render correctly 1`] = `
<section
  class="calendar-container"
>
  <calendar-hours-stub />
   
  <!---->
   
  <!---->
   
</section>
`;
