// Jest Snapshot v1, https://goo.gl/fbAQLP

exports[`CalendarHours render correctly 1`] = `
<section
  class="calendar-hours"
>
  <time
    style="height: 40px;"
  >
    
    00
    
    <span
      class="min"
    >
      :00
    </span>
  </time>
  <time
    style="height: 40px;"
  >
    
    01
    
    <span
      class="min"
    >
      :00
    </span>
  </time>
  <time
    style="height: 40px;"
  >
    
    02
    
    <span
      class="min"
    >
      :00
    </span>
  </time>
  <time
    style="height: 40px;"
  >
    
    03
    
    <span
      class="min"
    >
      :00
    </span>
  </time>
  <time
    style="height: 40px;"
  >
    
    04
    
    <span
      class="min"
    >
      :00
    </span>
  </time>
  <time
    style="height: 40px;"
  >
    
    05
    
    <span
      class="min"
    >
      :00
    </span>
  </time>
  <time
    style="height: 40px;"
  >
    
    06
    
    <span
      class="min"
    >
      :00
    </span>
  </time>
  <time
    style="height: 40px;"
  >
    
    07
    
    <span
      class="min"
    >
      :00
    </span>
  </time>
  <time
    style="height: 40px;"
  >
    
    08
    
    <span
      class="min"
    >
      :00
    </span>
  </time>
  <time
    style="height: 40px;"
  >
    
    09
    
    <span
      class="min"
    >
      :00
    </span>
  </time>
  <time
    style="height: 40px;"
  >
    
    10
    
    <span
      class="min"
    >
      :00
    </span>
  </time>
  <time
    style="height: 40px;"
  >
    
    11
    
    <span
      class="min"
    >
      :00
    </span>
  </time>
  <time
    style="height: 40px;"
  >
    
    12
    
    <span
      class="min"
    >
      :00
    </span>
  </time>
  <time
    style="height: 40px;"
  >
    
    13
    
    <span
      class="min"
    >
      :00
    </span>
  </time>
  <time
    style="height: 40px;"
  >
    
    14
    
    <span
      class="min"
    >
      :00
    </span>
  </time>
  <time
    style="height: 40px;"
  >
    
    15
    
    <span
      class="min"
    >
      :00
    </span>
  </time>
  <time
    style="height: 40px;"
  >
    
    16
    
    <span
      class="min"
    >
      :00
    </span>
  </time>
  <time
    style="height: 40px;"
  >
    
    17
    
    <span
      class="min"
    >
      :00
    </span>
  </time>
  <time
    style="height: 40px;"
  >
    
    18
    
    <span
      class="min"
    >
      :00
    </span>
  </time>
  <time
    style="height: 40px;"
  >
    
    19
    
    <span
      class="min"
    >
      :00
    </span>
  </time>
  <time
    style="height: 40px;"
  >
    
    20
    
    <span
      class="min"
    >
      :00
    </span>
  </time>
  <time
    style="height: 40px;"
  >
    
    21
    
    <span
      class="min"
    >
      :00
    </span>
  </time>
  <time
    style="height: 40px;"
  >
    
    22
    
    <span
      class="min"
    >
      :00
    </span>
  </time>
  <time
    style="height: 40px;"
  >
    
    23
    
    <span
      class="min"
    >
      :00
    </span>
  </time>
</section>
`;
