// Jest Snapshot v1, https://goo.gl/fbAQLP

exports[`DateHeader render correctly 1`] = `
<content-header-stub>
  <div
    class="date-heading"
  >
    <btn-stub
      aria-label="ariaLabels.previous"
      class="left-arrow-button has-icon"
    >
      <icon-stub
        class="is-primary is-large"
        name="chevron-left-icon"
      />
    </btn-stub>
     
    <no-ssr-stub>
      <v-date-picker-stub
        formats="[object Object]"
        show-caps=""
        value="Mon Jan 01 2018 00:00:00 GMT+0900 (JST)"
      />
    </no-ssr-stub>
     
    <btn-stub
      aria-label="ariaLabels.next"
      class="right-arrow-button has-icon"
    >
      <icon-stub
        class="is-primary is-large"
        name="chevron-right-icon"
      />
    </btn-stub>
  </div>
   
  <nav>
    <btn-stub
      class="has-dropshadow today-button"
      name="fade"
    >
      <icon-stub
        class="is-primary"
        name="rotate-ccw-icon"
      />
    </btn-stub>
     
    <marshmallow-select-stub
      arialabel="ariaLabels.selectPeriod"
      value="day.label"
    >
      <option
        value="0"
      >
        
        day.label
      
      </option>
      <option
        value="1"
      >
        
        week.label
      
      </option>
      <option
        value="2"
      >
        
        month.label
      
      </option>
      <option
        value="3"
      >
        
        year.label
      
      </option>
    </marshmallow-select-stub>
  </nav>
</content-header-stub>
`;
