// Jest Snapshot v1, https://goo.gl/fbAQLP

exports[`ProjectList render correctly 1`] = `
<section>
  <modal-header-stub>
    <btn-stub
      aria-label="ariaLabels.back"
      class="left-arrow-button has-icon"
      type="button"
    >
      <icon-stub
        class="is-large"
        name="chevron-left-icon"
      />
    </btn-stub>
     
    <h1>
      title
    </h1>
     
    <btn-stub
      aria-label="ariaLabels.add"
      class="add-button has-icon"
      type="button"
    >
      <icon-stub
        name="plus-icon"
      />
    </btn-stub>
  </modal-header-stub>
   
  <div
    class="list-item"
  >
    <div
      class="project-content"
    >
      <project-name-stub
        color="#cccfd9"
        name="No Project"
      />
       
      <icon-stub
        class="check-icon"
        name="check-icon"
      />
    </div>
     
    <!---->
  </div>
  <div
    class="list-item"
  >
    <div
      class="project-content"
    >
      <project-name-stub
        color="#ff0"
        name="Development"
      />
       
      <!---->
    </div>
     
    <btn-stub
      aria-label="ariaLabels.edit"
      class="has-icon edit-button"
      type="button"
    >
      <icon-stub
        class="is-primary"
        name="edit-3-icon"
      />
    </btn-stub>
  </div>
  <div
    class="list-item"
  >
    <div
      class="project-content"
    >
      <project-name-stub
        color="#f00"
        name="Review"
      />
       
      <!---->
    </div>
     
    <btn-stub
      aria-label="ariaLabels.edit"
      class="has-icon edit-button"
      type="button"
    >
      <icon-stub
        class="is-primary"
        name="edit-3-icon"
      />
    </btn-stub>
  </div>
</section>
`;
