// Jest Snapshot v1, https://goo.gl/fbAQLP

exports[`Index render correctly 1`] = `
<section>
  <heading-stub
    class="is-large"
  >
    
    title
  
  </heading-stub>
   
  <p>
    about
  </p>
   
  <form>
    <text-field-stub
      aria-label="email"
      autofocus=""
      class="has-border"
      placeholder="email"
      required=""
      type="email"
      value=""
    />
     
    <footer>
      <btn-stub
        class="is-rounded is-primary"
        type="submit"
      >
        
        send
      
      </btn-stub>
    </footer>
  </form>
</section>
`;
